src/app/checkout/actions.ts(293,39): error TS2339: Property 'pickup_address' does not exist on type 'Store'.
src/app/checkout/actions.ts(356,31): error TS2339: Property 'pickup_address' does not exist on type 'Store'.
src/app/products/[id]/ProductDetailsPageContent.tsx(56,27): error TS2345: Argument of type '{ title: string; }' is not assignable to parameter of type '{ title: string; href: string; }'.
  Property 'href' is missing in type '{ title: string; }' but required in type '{ title: string; href: string; }'.
src/app/track-order/page.tsx(255,90): error TS2551: Property 'shippingMethod' does not exist on type 'AppOrder'. Did you mean 'shipping_method'?
src/app/track-order/page.tsx(395,72): error TS2322: Type 'boolean | null | undefined' is not assignable to type 'boolean | undefined'.
  Type 'null' is not assignable to type 'boolean | undefined'.
src/components/FloatingCartButton.tsx(46,37): error TS7006: Parameter 'c' implicitly has an 'any' type.
src/components/ui/carousel.tsx(6,33): error TS2614: Module '"embla-carousel-react"' has no exported member 'EmblaOptionsType'. Did you mean to use 'import EmblaOptionsType from "embla-carousel-react"' instead?
src/components/ui/carousel.tsx(6,56): error TS2724: '"embla-carousel-react"' has no exported member named 'EmblaCarouselType'. Did you mean 'UseEmblaCarouselType'?
src/lib/data.ts(32,10): error TS2322: Type '{ image_url: any; order: any; product_id: any; id: any; }[]' is not assignable to type 'ProductImage[]'.
  Type '{ image_url: any; order: any; product_id: any; id: any; }' is missing the following properties from type 'ProductImage': data_ai_hint, created_at
src/lib/data.ts(74,37): error TS2339: Property 'specifications' does not exist on type 'Product'.
src/lib/data.ts(145,5): error TS2322: Type 'string | number | true | { [key: string]: Json; } | Json[]' is not assignable to type 'Record<string, any> | undefined'.
  Type 'string' is not assignable to type 'Record<string, any>'.
src/lib/data.ts(203,50): error TS2345: Argument of type '{ platform: any; url: any; }[] | undefined' is not assignable to parameter of type 'SocialLink[] | undefined'.
  Type '{ platform: any; url: any; }[]' is not assignable to type 'SocialLink[]'.
    Type '{ platform: any; url: any; }' is missing the following properties from type 'SocialLink': id, store_id, created_at
src/lib/data.ts(231,48): error TS2345: Argument of type '{ platform: any; url: any; }[] | undefined' is not assignable to parameter of type 'SocialLink[] | undefined'.
  Type '{ platform: any; url: any; }[]' is not assignable to type 'SocialLink[]'.
    Type '{ platform: any; url: any; }' is missing the following properties from type 'SocialLink': id, store_id, created_at
src/lib/data.ts(818,5): error TS2353: Object literal may only specify known properties, and 'trackingNumber' does not exist in type 'AppOrder'.
supabase/functions/lenco-payment-handler/index.ts(7,23): error TS2307: Cannot find module 'https://deno.land/std@0.168.0/http/server.ts' or its corresponding type declarations.
supabase/functions/lenco-payment-handler/index.ts(11,26): error TS2304: Cannot find name 'Deno'.
supabase/functions/lenco-payment-handler/index.ts(43,14): error TS7006: Parameter 'req' implicitly has an 'any' type.
supabase/functions/lenco-payment-handler/index.ts(133,70): error TS18046: 'error' is of type 'unknown'.
